// Jest Snapshot v1, https://goo.gl/fbAQLP

exports[`App component renders App 1`] = `
<DocumentFragment>
  <div
    class="sc-hKFxyN fciQIq"
  >
    <div
      class="sc-gtsrHT fMSLlG"
    >
      <p
        class="sc-bdnxRM jZFmdP"
      >
          
      </p>
      <button
        data-testid="submit-button"
      >
        Get a Twin Peaks Quote!
      </button>
    </div>
  </div>
</DocumentFragment>
`;
